// Jest Snapshot v1, https://goo.gl/fbAQLP

exports[`NoEntriesInfo Renders the default text 1`] = `" Ta lista nie ma jeszcze wpis√≥w"`;
